{
    "versions": {
        "content": [
            [
                "versions.yml:md5,1ab1c443f20433e5f292087c1c164091"
            ]
        ],
        "meta": {
            "nf-test": "0.9.3",
            "nextflow": "25.10.0"
        },
        "timestamp": "2025-12-10T16:59:01.197389"
    }
}